BEGIN
SAVEPOINT
UPDATE 1
SAVEPOINT
UPDATE 0
SAVEPOINT
UPDATE 2
SAVEPOINT
UPDATE 1
SAVEPOINT
UPDATE 0
SAVEPOINT
UPDATE 0
SAVEPOINT
UPDATE 0
SAVEPOINT
UPDATE 0
SAVEPOINT
UPDATE 0
SAVEPOINT
UPDATE 0
SAVEPOINT
UPDATE 1
SAVEPOINT
UPDATE 5
SAVEPOINT
UPDATE 3
SAVEPOINT
UPDATE 2
SAVEPOINT
UPDATE 0
SAVEPOINT
UPDATE 0
SAVEPOINT
UPDATE 2
SAVEPOINT
UPDATE 2
SAVEPOINT
UPDATE 2
SAVEPOINT
UPDATE 0
SAVEPOINT
UPDATE 2
SAVEPOINT
UPDATE 0
SAVEPOINT
UPDATE 1
SAVEPOINT
UPDATE 1
SAVEPOINT
UPDATE 2
SAVEPOINT
UPDATE 0
SAVEPOINT
UPDATE 2
SAVEPOINT
UPDATE 1
SAVEPOINT
UPDATE 0
SAVEPOINT
UPDATE 0
SAVEPOINT
UPDATE 1
SAVEPOINT
UPDATE 0
SAVEPOINT
UPDATE 1
SAVEPOINT
UPDATE 1
SAVEPOINT
UPDATE 2
SAVEPOINT
UPDATE 2
SAVEPOINT
UPDATE 1
SAVEPOINT
UPDATE 0
SAVEPOINT
UPDATE 2
SAVEPOINT
UPDATE 1
SAVEPOINT
UPDATE 0
SAVEPOINT
UPDATE 1
SAVEPOINT
UPDATE 0
SAVEPOINT
UPDATE 0
SAVEPOINT
UPDATE 1
SAVEPOINT
UPDATE 0
SAVEPOINT
UPDATE 0
SAVEPOINT
UPDATE 5
SAVEPOINT
UPDATE 2
SAVEPOINT
UPDATE 0
SAVEPOINT
UPDATE 1
SAVEPOINT
UPDATE 1
SAVEPOINT
UPDATE 3
SAVEPOINT
UPDATE 0
SAVEPOINT
UPDATE 0
SAVEPOINT
UPDATE 1
SAVEPOINT
UPDATE 2
SAVEPOINT
UPDATE 1
SAVEPOINT
UPDATE 3
SAVEPOINT
UPDATE 0
SAVEPOINT
UPDATE 0
SAVEPOINT
UPDATE 0
SAVEPOINT
UPDATE 0
SAVEPOINT
UPDATE 0
SAVEPOINT
UPDATE 1
SAVEPOINT
UPDATE 1
SAVEPOINT
UPDATE 2
SAVEPOINT
UPDATE 1
SAVEPOINT
UPDATE 0
SAVEPOINT
UPDATE 2
SAVEPOINT
UPDATE 1
SAVEPOINT
UPDATE 2
SAVEPOINT
UPDATE 1
SAVEPOINT
UPDATE 4
SAVEPOINT
UPDATE 0
SAVEPOINT
UPDATE 1
SAVEPOINT
UPDATE 1
SAVEPOINT
UPDATE 1
SAVEPOINT
UPDATE 0
SAVEPOINT
UPDATE 3
SAVEPOINT
UPDATE 2
SAVEPOINT
UPDATE 1
SAVEPOINT
UPDATE 2
SAVEPOINT
UPDATE 1
SAVEPOINT
UPDATE 3
SAVEPOINT
UPDATE 0
SAVEPOINT
UPDATE 4
SAVEPOINT
UPDATE 2
SAVEPOINT
UPDATE 3
SAVEPOINT
UPDATE 1
SAVEPOINT
UPDATE 1
SAVEPOINT
UPDATE 0
SAVEPOINT
UPDATE 4
SAVEPOINT
UPDATE 1
SAVEPOINT
UPDATE 0
SAVEPOINT
UPDATE 0
SAVEPOINT
UPDATE 0
SAVEPOINT
UPDATE 2
SAVEPOINT
UPDATE 0
SAVEPOINT
UPDATE 2
COMMIT
